Program: 
	SVardef: 
		ID: a  :: Beat

	4...
	SMain: []
Global Scope: 
	ID: a  :: Beat
	ID: main  :: Unknown
	ID: print x :: a -> a
	ID: random  :: Int

