*** tx: Num  ty: Num
Fatal error: exception Sast.Type_error("1 has type of Num but true has type Bool in a same list")
