Program: 
	SVardef: 
		ID: a  :: Bool

	if true then true else false
	SMain: []
Global Scope: 
	ID: main  :: []
	ID: a  :: Bool
	ID: print x :: a -> a
	ID: random  :: Int

