PASSED SEMANTIC CHECKS
===== main = [] Program Exits Normally =====
