Program: 
	SFuncdec: 
		f x :: Unknown = 3
	New Scope: 
		ID: x :: Unknown

	
Global Scope: 
	ID: f :: Int -> Bool -> Int
	ID: print :: Unknown
	ID: random :: Unknown

