Program: 
	SFuncdec: 
		i [a, [2], [3]] :: Unknown = 5
	New Scope: 
		
	
	SFuncdec: 
		i [[1, 2], c] :: Unknown = 4
	New Scope: 
		
	
	SFuncdec: 
		i [a, b, c] :: Unknown = 3
	New Scope: 
		
	
	SFuncdec: 
		h [3, 4, 5] : [[1]] :: Unknown = 2
	New Scope: 
		
	
	SFuncdec: 
		g true : false : [] true : false : [true, false] [3, 4, 5] : [] :: Unknown = 1
	New Scope: 
		
	
	SFuncdec: 
		f a : [] b : c d : e : f : [] : [] 3 : 2 : _ : 4 : _ :: Unknown = 5
	New Scope: 
		
	
	SMain: []
Global Scope: 
	ID: main  :: Unknown
	ID: i [a, [2], [3]] :: [[Int]] -> Int
	ID: i [[1, 2], c] :: [[Int]] -> Int
	ID: i [a, b, c] :: [[Int]] -> Int
	ID: h [3, 4, 5] : [[1]] :: [[Int]] -> Int
	ID: g true : false : [] true : false : [true, false] [3, 4, 5] : [] :: [Bool] -> [Bool] -> [[Int]] -> Int
	ID: f a : [] b : c d : e : f : [] : [] 3 : 2 : _ : 4 : _ :: [Int] -> [Int] -> [a] -> [Int] -> Int
	ID: print x :: a -> a
	ID: random  :: Int

