a = 1
b = 1.
c = 1..
d =  (1, 2)$1
e = []
f = [1, 2]
g = [1.., 2...]
h = [1, 2, 4.]
main []
