Program: 
	SVardef: 
		ID: a :: Num

	4 $+ 4
	SVardef: 
		ID: b :: Num

	4 $+ 4.
	SVardef: 
		ID: c :: Num

	4. $+ 4.
	SVardef: 
		ID: d :: Num

	4 $- 2
	SVardef: 
		ID: e :: Num

	4. $- 2
	SVardef: 
		ID: f :: Num

	4. $- 2.
	SVardef: 
		ID: g :: Num

	4 $* 2
	SVardef: 
		ID: h :: Num

	4. $* 2
	SVardef: 
		ID: i :: Num

	4. $* 2.
	SVardef: 
		ID: j :: Num

	4 $/ 2
	SVardef: 
		ID: k :: Num

	4. $/ 2
	SVardef: 
		ID: l :: Num

	4. $/ 2.
Global Scope: 
	ID: a :: Num
	ID: b :: Num
	ID: c :: Num
	ID: d :: Num
	ID: e :: Num
	ID: f :: Num
	ID: g :: Num
	ID: h :: Num
	ID: i :: Num
	ID: j :: Num
	ID: k :: Num
	ID: l :: Num
	ID: print :: Unknown
	ID: random :: Unknown

