Program: 
	SVardef: 
		ID: a :: Num

	1 < 2
	SVardef: 
		ID: b :: Num

	1 > 2
	SVardef: 
		ID: c :: Num

	1 <= 2
	SVardef: 
		ID: d :: Num

	1 >= 2
	SVardef: 
		ID: e :: Num

	1 $< 2
	SVardef: 
		ID: f :: Num

	1. $< 2
	SVardef: 
		ID: g :: Num

	1 $> 2
	SVardef: 
		ID: h :: Num

	1 $> 2.
	SVardef: 
		ID: i :: Num

	1 $<= 2
	SVardef: 
		ID: j :: Num

	1 $<= 2.
	SVardef: 
		ID: k :: Num

	1 $>= 2
	SVardef: 
		ID: l :: Num

	1. $>= 2
	SVardef: 
		ID: m :: Num

	4 == 4
	SVardef: 
		ID: n :: Num

	4 == 3
Global Scope: 
	ID: a :: Num
	ID: b :: Num
	ID: c :: Num
	ID: d :: Num
	ID: e :: Num
	ID: f :: Num
	ID: g :: Num
	ID: h :: Num
	ID: i :: Num
	ID: j :: Num
	ID: k :: Num
	ID: l :: Num
	ID: m :: Num
	ID: n :: Num
	ID: print :: Unknown
	ID: random :: Unknown

