PASSED SEMANTIC CHECKS
Fatal error: exception Values.Interp_error("Must divide Beat by positive Int")
