Fatal error: exception Sast.Type_error("Dots may not increase Beat value past 16th")
