Program: 
	SVardef: 
		ID: x  :: [Int]

	[8, 8, 4]
	SVardef: 
		ID: y  :: [Beat]

	[2, 2, 2, 1..] ++ x
	SMain: []
Global Scope: 
	ID: main  :: []
	ID: x  :: [Int]
	ID: y  :: [Beat]
	ID: print x :: a -> a
	ID: random  :: Int

