Fatal error: exception Sast.Type_error("The types of the lhs and rhs of a cons operator don't match")
