Fatal error: exception Sast.Type_mismatch("Patterns don't match type signature for f true")
