Fatal error: exception Sast.Pattern_num_mismatch(1, 2)
