Fatal error: exception Sast.Multiple_identical_pattern_lists("[0, 1, 2] m")
