Fatal error: exception Sast.Multiple_patterns("a")
