Program: 
	SVardef: 
		ID: x  :: [Beat]

	[2, 4, 8] ++ [2., 4.]
	SMain: []
Global Scope: 
	ID: main  :: []
	ID: x  :: [Beat]
	ID: print x :: a -> a
	ID: random  :: Int
	ID: head h : t :: [a] -> a
	ID: tail h : t :: [a] -> [a]

