Fatal error: exception Sast.Multiple_type_sigs("a")
