Program: 
	SVardef: 
		ID: a  :: Int

	3
	SMain: []
Global Scope: 
	ID: main  :: []
	ID: a  :: Int
	ID: print x :: a -> a
	ID: random  :: Int

