Program: 
	SVardef: 
		ID: x  :: [Beat]

	[2, 4, 8.]
	SMain: []
Global Scope: 
	ID: main  :: []
	ID: x  :: [Beat]
	ID: print x :: a -> a
	ID: random  :: Int

