Program: 
	SVardef: 
		ID: x  :: Int

	5
	SVardef: 
		ID: m  :: Int

	x + 2
	SFuncdec: 
		f (x) (m) :: Int -> Int -> Int = 3 + x / m
	New Scope: 
		ID: x  :: Int
		ID: m  :: Int

	
	SMain: []
Global Scope: 
	ID: main  :: []
	ID: x  :: Int
	ID: m  :: Int
	ID: f x m :: Int -> Int -> Int
	ID: print x :: a -> a
	ID: random  :: Int

