Fatal error: exception Sast.Multiple_identical_pattern_lists("true _ x 1 m")
