Program: 
	SVardef: 
		ID: a  :: Int

	3
	SVardef: 
		ID: b  :: Int

	a
	SMain: []
Global Scope: 
	ID: a  :: Int
	ID: b  :: Int
	ID: main  :: Unknown
	ID: print x :: a -> a
	ID: random  :: Int

