Fatal error: exception Sast.Function_not_defined("tail")
