a = 1 $< 2
b = 2 $< 1
c = 1 $> 2
d = 2 $> 1
e = 1 $>= 1
f = 2 $>= 1
g = 1 $<= 1
h = 1 $<= 2
i = 2. $> 2
j = 8... $<= 8...
