Program: 
	SMain:  (1, 1)$2
Global Scope: 
	ID: main  :: Unknown
	ID: print  :: Unknown
	ID: random  :: Int

