Program: 
	SFuncdec: 
		ident (x) :: a -> a = x
	New Scope: 
		ID: x  :: a

	
	SVardef: 
		ID: y  :: Int

	ident 1
	SMain: []
Global Scope: 
	ID: main  :: []
	ID: ident x :: a -> a
	ID: y  :: Int
	ID: print x :: a -> a
	ID: random  :: Int
	ID: head h : t :: [a] -> a
	ID: tail h : t :: [a] -> [a]

