Program: 
	SFuncdec: 
		f (x) :: a -> b = []
	New Scope: 
		ID: x  :: a

	
	SVardef: 
		ID: y  :: []

	f 1
	SMain: []
Global Scope: 
	ID: main  :: []
	ID: f x :: a -> b
	ID: y  :: []
	ID: print x :: a -> a
	ID: random  :: Int
	ID: head h : t :: [a] -> a
	ID: tail h : t :: [a] -> [a]

