Program: 
	SMain: []
Global Scope: 
	ID: main  :: []
	ID: print x :: a -> a
	ID: random  :: Int
	ID: head h : t :: [a] -> a
	ID: tail h : t :: [a] -> [a]

